// Jest Snapshot v1, https://goo.gl/fbAQLP

exports[`TransactionCategoryRow component renders as expected 1`] = `
<div
  className="categoryRow"
/>
`;
