// Jest Snapshot v1, https://goo.gl/fbAQLP

exports[`AccountDetail component renders as expected 1`] = `
<div
  className="container"
>
  <div
    className="details left"
  >
    <h4>
      Natwest
    </h4>
    <h4>
       Doe J.
    </h4>
  </div>
  <div
    className="details right"
  >
    <h4>
      Current Account
    </h4>
    <h4>
      12345698
    </h4>
    <h4>
      600028
    </h4>
  </div>
</div>
`;
