// Jest Snapshot v1, https://goo.gl/fbAQLP

exports[`Footer component renders as expected 1`] = `
<div
  className="wrapper"
>
  <div
    className="footer"
  >
    <p>
      © Zopa Limited 2017 All rights reserved. 'Zopa' and the
              Zopa logo are trade marks of Zopa Limited. Zopa is a member
              of CIFAS – the UK's leading anti-fraud association, and we are
              registered with the Office of the Information Commissioner
              (No. Z879078).
    </p>
    <p>
      Zopa Limited is incorporated in England & Wales
              (registration number 05197592), with its registered
              office at 1st Floor, Cottons Centre, Tooley Street,
              London, SE1 2QG. Zopa Limited is authorised and regulated
              by the Financial Conduct Authority, and entered on the
              Financial Services Register under firm registration
              number 563134.
    </p>
  </div>
</div>
`;
