// Jest Snapshot v1, https://goo.gl/fbAQLP

exports[`Layout component renders as expected 1`] = `
<div>
  <Header
    home={false}
  />
  <Footer />
</div>
`;
